../Core/Src/AS5600PeripheralInit.c:12:6:AS5600_TimerInit	64	static
../Core/Src/AS5600PeripheralInit.c:64:6:HAL_TIM_IC_MspInit	56	static
../Core/Src/AS5600PeripheralInit.c:93:6:HAL_TIM_IC_MspDeInit	16	static
../Core/Src/AS5600PeripheralInit.c:120:6:AS5600_Peripherial_ErrorHandler	8	static
../Core/Src/AS5600PeripheralInit.c:153:41:HAL_TIM_IC_Init	16	static
../Core/Src/AS5600PeripheralInit.c:209:32:HAL_TIM_ReadCapturedValue	24	static
../Core/Src/AS5600PeripheralInit.c:267:41:HAL_TIM_IC_Start	24	static
../Core/Src/AS5600PeripheralInit.c:309:28:TIM_CCxChannelCmd	32	static
